// Jest Snapshot v1, https://goo.gl/fbAQLP

exports[`Footer tests snapshot test 1`] = `
<div>
  <footer
    class="pb-5 pt-5"
  >
    <div
      class="container"
    >
      <div
        class="row"
      >
        <div
          class="col-lg-4 col-md-5 col-12"
        >
          <div
            class="section mb-5"
          >
            <div
              class="title mb-4"
            >
              NAVIGATION
            </div>
            <div
              class="row"
            >
              <div
                class="col-4"
              >
                <ul
                  class="list-unstyled"
                >
                  <li>
                    <a
                      href="#"
                    >
                      Home
                    </a>
                  </li>
                  <li>
                    <a
                      href="#"
                    >
                      About Us
                    </a>
                  </li>
                  <li>
                    <a
                      href="#"
                    >
                      Our teams
                    </a>
                  </li>
                </ul>
              </div>
              <div
                class="col-4"
              >
                <ul
                  class="list-unstyled"
                >
                  <li>
                    <a
                      href="#"
                    >
                      Home
                    </a>
                  </li>
                  <li>
                    <a
                      href="#"
                    >
                      About Us
                    </a>
                  </li>
                  <li>
                    <a
                      href="#"
                    >
                      Our teams
                    </a>
                  </li>
                </ul>
              </div>
              <div
                class="col-4"
              >
                <ul
                  class="list-unstyled"
                >
                  <li>
                    <a
                      href="#"
                    >
                      Home
                    </a>
                  </li>
                  <li>
                    <a
                      href="#"
                    >
                      About Us
                    </a>
                  </li>
                  <li>
                    <a
                      href="#"
                    >
                      Our teams
                    </a>
                  </li>
                </ul>
              </div>
            </div>
          </div>
        </div>
        <div
          class="col-lg-4 col-md-5 col-12 offset-lg-0 offset-md-1"
        >
          <div
            class="section mb-5"
          >
            <div
              class="title mb-4"
            >
              CONTACT US
            </div>
            <ul
              class="list-unstyled"
            >
              <li>
                <a
                  href="#"
                >
                  <img
                    alt="phone"
                    src="/phone.png"
                  />
                   012345678910
                </a>
              </li>
              <li>
                <a
                  href="#"
                >
                  <img
                    alt="email"
                    src="/mail.png"
                  />
                   tymex-talent@tyme.com
                </a>
              </li>
            </ul>
          </div>
        </div>
        <div
          class="col-lg-4 col-12 offset-lg-0"
        >
          <div
            class="section mb-5"
          >
            <div
              class="title mb-4"
            >
              SUBSCRIBE TO RECEIVE OUR LATEST UPDATE
            </div>
            <form
              class=""
            >
              <div
                class="row"
              >
                <div
                  class="col-sm-8 col-12"
                >
                  <input
                    class="mb-3 form-control"
                    placeholder="email@example.com"
                  />
                </div>
                <div
                  class="col-sm-4 col-12"
                >
                  <button
                    class="btn btn-primary"
                    type="button"
                  >
                    Subscribe
                  </button>
                </div>
              </div>
            </form>
          </div>
        </div>
      </div>
      <hr />
      <div
        class="d-flex row"
      >
        <div
          class="text-center text-md-start col-md-6 col-12"
        >
          Â© 2023 - Edit, All Rights Reserved.
        </div>
        <div
          class="justify-content-center justify-content-md-end d-flex col-md-6 col-12"
        >
          <ul
            class="list-unstyled list-group list-group-horizontal text-white                                                                                                                                                                                    "
          >
            <li>
              <a
                href="#"
              >
                Security
              </a>
            </li>
            <li>
              <a
                href="#"
              >
                Legal
              </a>
            </li>
            <li>
              <a
                href="#"
              >
                Privacy
              </a>
            </li>
          </ul>
        </div>
      </div>
    </div>
  </footer>
</div>
`;
