// Jest Snapshot v1, https://goo.gl/fbAQLP

exports[`BottomLines tests snapshot test 1`] = `
<div>
  <div
    class="bottom-lines mt-5"
  />
</div>
`;
