// Jest Snapshot v1, https://goo.gl/fbAQLP

exports[`CardSkeleton tests snapshot test 1`] = `
<div>
  <div
    class="col-xl-3 col-lg-4 col-md-6 col-12"
    data-testid="skeleton-card"
  >
    <div
      class="character-card p-2 rounded mb-3"
    >
      <div
        class="w-100 placeholder-glow"
      >
        <span
          class="col-12 placeholder"
          style="height: 150px; width: 100%;"
        />
      </div>
      <div
        class="w-100 mt-4 placeholder-glow"
      >
        <span
          class="col-12 placeholder"
          style="height: 20px; width: 100%;"
        />
      </div>
      <div
        class="w-100 mt-4 placeholder-glow"
      >
        <span
          class="col-12 placeholder"
          style="height: 20px; width: 100%;"
        />
      </div>
    </div>
  </div>
</div>
`;
